// Jest Snapshot v1, https://goo.gl/fbAQLP

exports[`Home View Render the component 1`] = `
<div class="home">
  <navbar-stub></navbar-stub>
  <searchbar-stub></searchbar-stub>
  <footer-stub></footer-stub>
</div>
`;
