// Jest Snapshot v1, https://goo.gl/fbAQLP

exports[`Login View Render the component 1`] = `
<div class="login">
  <navbar-stub></navbar-stub>
  <login-stub></login-stub>
</div>
`;
