// Jest Snapshot v1, https://goo.gl/fbAQLP

exports[`MovieCard View Render the component 1`] = `<div class="card"></div>`;
